{"version": 2, "width": 60, "height": 21}
[0.0, "o", "> "]
[0.1, "o", "foocar"]
[0.2, "o", "\b \b"]
[0.3, "o", "\b \b"]
[0.4, "o", "\b \b"]
[0.5, "o", "bar"]
