{"version": 2, "width": 60, "height": 21}
[0.0, "i", "~~~~~~~~~~~~~  display_content()  ~~~~~~~~~~~~~"]
[0.5, "o", ""]
[0.5, "i", "## -- clear screen and hide cursor"]
[0.5, "o", "\u001b[?25l"]
[0.5, "o", "\u001b[1;21r"]
[0.5, "o", "\u001b[2J"]
[0.5, "i", "## -- draw screen"]
[0.5, "o", "line0\r\n"]
[0.5, "o", "line1\r\n"]
[0.5, "o", "line2\r\n"]
[0.5, "o", "line3\r\n"]
[0.5, "o", "line4\r\n"]
[0.5, "o", "line5\r\n"]
[0.5, "o", "line6\r\n"]
[0.5, "o", "line7\r\n"]
[0.5, "o", "line8\r\n"]
[0.5, "o", "line9\r\n"]
[0.5, "o", "line10\r\n"]
[0.5, "o", "line11\r\n"]
[0.5, "o", "line12\r\n"]
[0.5, "o", "line13\r\n"]
[0.5, "o", "line14\r\n"]
[0.5, "o", "line15\r\n"]
[0.5, "o", "line16\r\n"]
[0.5, "o", "line17\r\n"]
[0.5, "o", "line18\r\n"]
[0.5, "o", "line19\r\n"]
[0.5, "i", "## -- restore and show cursor"]
[0.5, "o", "\u001b[1;1H"]
[0.5, "o", "\u001b[?25h"]
[0.5, "i", "~~~~~~~~~~~~~  cursor_down(num_lines=2)  ~~~~~~~~~~~~~"]
[0.5, "i", "## -- max_cursor_down=19"]
[0.5, "i", "## -- actual_cursor_down=2"]
[1.0, "o", ""]
[1.0, "o", "\u001b[2B"]
[1.0, "i", "## -- self._cursor_row=2"]
[1.0, "i", "~~~~~~~~~~~~~  content_scroll_down(num_lines=5)  ~~~~~~~~~~~~~"]
[1.0, "i", "## -- max_scroll_down=5"]
[1.0, "i", "## -- actual_scroll_down=5"]
[1.5, "o", ""]
[1.5, "i", "## -- clear screen and hide cursor"]
[1.5, "o", "\u001b[?25l"]
[1.5, "o", "\u001b[1;21r"]
[1.5, "o", "\u001b[2J"]
[1.5, "i", "## -- draw screen"]
[1.5, "o", "line5\r\n"]
[1.5, "o", "line6\r\n"]
[1.5, "o", "line7\r\n"]
[1.5, "o", "line8\r\n"]
[1.5, "o", "line9\r\n"]
[1.5, "o", "line10\r\n"]
[1.5, "o", "line11\r\n"]
[1.5, "o", "line12\r\n"]
[1.5, "o", "line13\r\n"]
[1.5, "o", "line14\r\n"]
[1.5, "o", "line15\r\n"]
[1.5, "o", "line16\r\n"]
[1.5, "o", "line17\r\n"]
[1.5, "o", "line18\r\n"]
[1.5, "o", "line19\r\n"]
[1.5, "o", "line20\r\n"]
[1.5, "o", "line21\r\n"]
[1.5, "o", "line22\r\n"]
[1.5, "o", "line23\r\n"]
[1.5, "o", "line24\r\n"]
[1.5, "i", "## -- restore and show cursor"]
[1.5, "o", "\u001b[3;1H"]
[1.5, "o", "\u001b[?25h"]
[1.5, "i", "~~~~~~~~~~~~~  content_scroll_down(num_lines=30)  ~~~~~~~~~~~~~"]
[1.5, "i", "## -- max_scroll_down=0"]
[1.5, "i", "## -- actual_scroll_down=0"]
[2.0, "o", ""]
[2.0, "i", "## -- clear screen and hide cursor"]
[2.0, "o", "\u001b[?25l"]
[2.0, "o", "\u001b[1;21r"]
[2.0, "o", "\u001b[2J"]
[2.0, "i", "## -- draw screen"]
[2.0, "o", "line5\r\n"]
[2.0, "o", "line6\r\n"]
[2.0, "o", "line7\r\n"]
[2.0, "o", "line8\r\n"]
[2.0, "o", "line9\r\n"]
[2.0, "o", "line10\r\n"]
[2.0, "o", "line11\r\n"]
[2.0, "o", "line12\r\n"]
[2.0, "o", "line13\r\n"]
[2.0, "o", "line14\r\n"]
[2.0, "o", "line15\r\n"]
[2.0, "o", "line16\r\n"]
[2.0, "o", "line17\r\n"]
[2.0, "o", "line18\r\n"]
[2.0, "o", "line19\r\n"]
[2.0, "o", "line20\r\n"]
[2.0, "o", "line21\r\n"]
[2.0, "o", "line22\r\n"]
[2.0, "o", "line23\r\n"]
[2.0, "o", "line24\r\n"]
[2.0, "i", "## -- restore and show cursor"]
[2.0, "o", "\u001b[3;1H"]
[2.0, "o", "\u001b[?25h"]
[2.0, "i", "~~~~~~~~~~~~~  content_scroll_up(num_lines=5)  ~~~~~~~~~~~~~"]
[2.0, "i", "## -- max_scroll_up=5"]
[2.0, "i", "## -- actual_scroll_up=5"]
[2.5, "o", ""]
[2.5, "i", "## -- clear screen and hide cursor"]
[2.5, "o", "\u001b[?25l"]
[2.5, "o", "\u001b[1;21r"]
[2.5, "o", "\u001b[2J"]
[2.5, "i", "## -- draw screen"]
[2.5, "o", "line0\r\n"]
[2.5, "o", "line1\r\n"]
[2.5, "o", "line2\r\n"]
[2.5, "o", "line3\r\n"]
[2.5, "o", "line4\r\n"]
[2.5, "o", "line5\r\n"]
[2.5, "o", "line6\r\n"]
[2.5, "o", "line7\r\n"]
[2.5, "o", "line8\r\n"]
[2.5, "o", "line9\r\n"]
[2.5, "o", "line10\r\n"]
[2.5, "o", "line11\r\n"]
[2.5, "o", "line12\r\n"]
[2.5, "o", "line13\r\n"]
[2.5, "o", "line14\r\n"]
[2.5, "o", "line15\r\n"]
[2.5, "o", "line16\r\n"]
[2.5, "o", "line17\r\n"]
[2.5, "o", "line18\r\n"]
[2.5, "o", "line19\r\n"]
[2.5, "i", "## -- restore and show cursor"]
[2.5, "o", "\u001b[3;1H"]
[2.5, "o", "\u001b[?25h"]
[2.5, "i", "~~~~~~~~~~~~~  content_scroll_up(num_lines=30)  ~~~~~~~~~~~~~"]
[2.5, "i", "## -- max_scroll_up=0"]
[2.5, "i", "## -- actual_scroll_up=0"]
[3.0, "o", ""]
[3.0, "i", "## -- clear screen and hide cursor"]
[3.0, "o", "\u001b[?25l"]
[3.0, "o", "\u001b[1;21r"]
[3.0, "o", "\u001b[2J"]
[3.0, "i", "## -- draw screen"]
[3.0, "o", "line0\r\n"]
[3.0, "o", "line1\r\n"]
[3.0, "o", "line2\r\n"]
[3.0, "o", "line3\r\n"]
[3.0, "o", "line4\r\n"]
[3.0, "o", "line5\r\n"]
[3.0, "o", "line6\r\n"]
[3.0, "o", "line7\r\n"]
[3.0, "o", "line8\r\n"]
[3.0, "o", "line9\r\n"]
[3.0, "o", "line10\r\n"]
[3.0, "o", "line11\r\n"]
[3.0, "o", "line12\r\n"]
[3.0, "o", "line13\r\n"]
[3.0, "o", "line14\r\n"]
[3.0, "o", "line15\r\n"]
[3.0, "o", "line16\r\n"]
[3.0, "o", "line17\r\n"]
[3.0, "o", "line18\r\n"]
[3.0, "o", "line19\r\n"]
[3.0, "i", "## -- restore and show cursor"]
[3.0, "o", "\u001b[3;1H"]
[3.0, "o", "\u001b[?25h"]
