{"version": 2, "width": 60, "height": 21}
[0.0, "i", "~~~~~~~~~~~~~  appear(content=> )  ~~~~~~~~~~~~~"]
[0.0, "o", "> "]
[0.1, "i", "~~~~~~~~~~~~~  appear(content=foocar)  ~~~~~~~~~~~~~"]
[0.1, "o", "foocar"]
[0.2, "i", "~~~~~~~~~~~~~  delete(num_chars=3)  ~~~~~~~~~~~~~"]
[0.2, "o", "\b \b"]
[0.3, "o", "\b \b"]
[0.4, "o", "\b \b"]
[0.5, "i", "~~~~~~~~~~~~~  appear(content=bar)  ~~~~~~~~~~~~~"]
[0.5, "o", "bar"]
