{"version": 2, "width": 60, "height": 21}
[0.0, "i", "~~~~~~~~~~~~~  display_content(block_of_text=line0\nline1\nline2\nli..)  ~~~~~~~~~~~~~"]
[0.0, "i", "## -- set duration"]
[0.0, "o", ""]
[0.1, "i", "## -- clear screen"]
[0.1, "o", "\u001b[?25l"]
[0.1, "o", "\u001b[1;21r"]
[0.1, "o", "\u001b[H"]
[0.1, "o", "\u001b[2J"]
[0.1, "i", "## -- draw screen"]
[0.1, "o", "line0\r\n"]
[0.1, "o", "line1\r\n"]
[0.1, "o", "line2\r\n"]
[0.1, "o", "line3\r\n"]
[0.1, "o", "line4\r\n"]
[0.1, "o", "line5\r\n"]
[0.1, "o", "line6\r\n"]
[0.1, "o", "line7\r\n"]
[0.1, "o", "line8\r\n"]
[0.1, "o", "line9\r\n"]
[0.1, "o", "line10\r\n"]
[0.1, "o", "line11\r\n"]
[0.1, "o", "line12\r\n"]
[0.1, "o", "line13\r\n"]
[0.1, "o", "line14\r\n"]
[0.1, "o", "line15\r\n"]
[0.1, "o", "line16\r\n"]
[0.1, "o", "line17\r\n"]
[0.1, "o", "line18\r\n"]
[0.1, "o", "line19\r\n"]
[0.1, "i", "## -- set and show cursor"]
[0.1, "o", "\u001b[H"]
[0.1, "o", "\u001b[?25h"]
[0.1, "i", "~~~~~~~~~~~~~  cursor_down(num_lines=5)  ~~~~~~~~~~~~~"]
[0.1, "i", "## -- lines_with_cursor_only_move=5"]
[0.1, "i", "## -- content_beyond_current_scroll=0"]
[0.1, "i", "## -- data_lines_not_yet_shown=5"]
[0.1, "i", "## -- lines_with_content_regen_scroll=0"]
[0.1, "i", "## -- set duration"]
[0.1, "o", ""]
[0.2, "o", "\u001b[5B"]
[0.2, "i", "~~~~~~~~~~~~~  cursor_down(num_lines=14)  ~~~~~~~~~~~~~"]
[0.2, "i", "## -- lines_with_cursor_only_move=14"]
[0.2, "i", "## -- content_beyond_current_scroll=0"]
[0.2, "i", "## -- data_lines_not_yet_shown=5"]
[0.2, "i", "## -- lines_with_content_regen_scroll=0"]
[0.2, "i", "## -- set duration"]
[0.2, "o", ""]
[0.3, "o", "\u001b[14B"]
[0.3, "i", "~~~~~~~~~~~~~  cursor_down(num_lines=5)  ~~~~~~~~~~~~~"]
[0.3, "i", "## -- lines_with_cursor_only_move=0"]
[0.3, "i", "## -- content_beyond_current_scroll=5"]
[0.3, "i", "## -- data_lines_not_yet_shown=5"]
[0.3, "i", "## -- lines_with_content_regen_scroll=5"]
[0.3, "i", "## -- set duration"]
[0.3, "o", ""]
[0.4, "i", "## -- push content up"]
[0.4, "o", "\u001b[?25l"]
[0.4, "o", "\u001b[1;20r"]
[0.4, "o", "\u001b[20;1H"]
[0.4, "o", "\r\n"]
[0.4, "o", "\r\n"]
[0.4, "o", "\r\n"]
[0.4, "o", "\r\n"]
[0.4, "o", "\r\n"]
[0.4, "i", "## -- add new lines"]
[0.4, "o", "\u001b[16;1H"]
[0.4, "o", "line20"]
[0.4, "o", "\u001b[17;1H"]
[0.4, "o", "line21"]
[0.4, "o", "\u001b[18;1H"]
[0.4, "o", "line22"]
[0.4, "o", "\u001b[19;1H"]
[0.4, "o", "line23"]
[0.4, "o", "\u001b[20;1H"]
[0.4, "o", "line24"]
[0.4, "i", "## -- reset original viewport + footer"]
[0.4, "o", "\u001b[1;21r"]
[0.4, "i", "## -- show cursor at the end"]
[0.4, "o", "\u001b[20;1H"]
[0.4, "o", "\u001b[?25h"]
[0.4, "i", "~~~~~~~~~~~~~  wait(ticks=10)  ~~~~~~~~~~~~~"]
[0.4, "o", ""]
[1.4, "o", ""]
