{"version": 2, "width": 60, "height": 21}
[0.0, "o", ""]
[1.0, "o", "\u001b[36m\u279c \u001b[0m"]
[1.1, "o", "h"]
[1.2, "o", "o"]
[1.3, "o", "s"]
[1.4, "o", "t"]
[1.5, "o", "n"]
[1.6, "o", "a"]
[1.7, "o", "m"]
[1.8, "o", "e"]
[1.9, "o", "\r\n"]
[2.0, "o", "candidate-laptop.local\r\n"]
