{"version": 2, "width": 60, "height": 21}
[0.0, "i", "~~~~~~~~~~~~~  display_content()  ~~~~~~~~~~~~~"]
[0.5, "o", ""]
[0.5, "i", "## -- clear screen and hide cursor"]
[0.5, "o", "\u001b[?25l"]
[0.5, "o", "\u001b[1;21r"]
[0.5, "o", "\u001b[2J"]
[0.5, "i", "## -- draw screen"]
[0.5, "o", "line0\r\n"]
[0.5, "o", "line1\r\n"]
[0.5, "o", "line2\r\n"]
[0.5, "o", "line3\r\n"]
[0.5, "o", "line4\r\n"]
[0.5, "o", "line5\r\n"]
[0.5, "o", "line6\r\n"]
[0.5, "o", "line7\r\n"]
[0.5, "o", "line8\r\n"]
[0.5, "o", "line9\r\n"]
[0.5, "o", "line10\r\n"]
[0.5, "o", "line11\r\n"]
[0.5, "o", "line12\r\n"]
[0.5, "o", "line13\r\n"]
[0.5, "o", "line14\r\n"]
[0.5, "o", "line15\r\n"]
[0.5, "o", "line16\r\n"]
[0.5, "o", "line17\r\n"]
[0.5, "o", "line18\r\n"]
[0.5, "o", "line19\r\n"]
[0.5, "i", "## -- restore and show cursor"]
[0.5, "o", "\u001b[1;1H"]
[0.5, "o", "\u001b[?25h"]
[0.5, "i", "~~~~~~~~~~~~~  cursor_down(num_lines=5)  ~~~~~~~~~~~~~"]
[0.5, "i", "## -- max_cursor_down=19"]
[0.5, "i", "## -- actual_cursor_down=5"]
[1.0, "o", ""]
[1.0, "o", "\u001b[6;1H"]
[1.0, "i", "## -- cursor_position=(row:5,col:0)"]
[1.0, "i", "~~~~~~~~~~~~~  cursor_down(num_lines=30)  ~~~~~~~~~~~~~"]
[1.0, "i", "## -- max_cursor_down=14"]
[1.0, "i", "## -- actual_cursor_down=14"]
[1.5, "o", ""]
[1.5, "o", "\u001b[20;1H"]
[1.5, "i", "## -- cursor_position=(row:19,col:0)"]
[1.5, "i", "~~~~~~~~~~~~~  cursor_up(num_lines=5)  ~~~~~~~~~~~~~"]
[1.5, "i", "## -- max_cursor_up=19"]
[1.5, "i", "## -- actual_cursor_up=5"]
[2.0, "o", ""]
[2.0, "o", "\u001b[15;1H"]
[2.0, "i", "## -- cursor_position=(row:14,col:0)"]
[2.0, "i", "~~~~~~~~~~~~~  cursor_up(num_lines=30)  ~~~~~~~~~~~~~"]
[2.0, "i", "## -- max_cursor_up=14"]
[2.0, "i", "## -- actual_cursor_up=14"]
[2.5, "o", ""]
[2.5, "o", "\u001b[1;1H"]
[2.5, "i", "## -- cursor_position=(row:0,col:0)"]
