{"version": 2, "width": 60, "height": 21}
[1.0, "o", "x"]
[2.0, "i", "y"]
[2.1, "o", "a"]
[3.2, "i", "b"]
