{"version": 2, "width": 60, "height": 21}
[0.0, "i", "~~~~~~~~~~~~~  display_content()  ~~~~~~~~~~~~~"]
[0.5, "o", ""]
[0.5, "i", "## -- save screen status - will be used on exit"]
[0.5, "o", "\u001b[?1049h"]
[0.5, "i", "## -- clear screen and hide cursor"]
[0.5, "o", "\u001b[?25l"]
[0.5, "o", "\u001b[1;21r"]
[0.5, "o", "\u001b[2J"]
[0.5, "i", "## -- draw screen"]
[0.5, "o", "123456789\r\n"]
[0.5, "o", "12345\r\n"]
[0.5, "o", "12\r\n"]
[0.5, "i", "## -- restore and show cursor"]
[0.5, "o", "\u001b[1;1H"]
[0.5, "o", "\u001b[?25h"]
[0.5, "i", "~~~~~~~~~~~~~  cursor_right(num_cols=10)  ~~~~~~~~~~~~~"]
[0.5, "i", "## -- max_cursor_right=8"]
[0.5, "i", "## -- actual_cursor_right=8"]
[1.0, "o", ""]
[1.0, "o", "\u001b[1;9H"]
[1.0, "i", "## -- cursor_position=(row:0,col:8)"]
[1.0, "i", "~~~~~~~~~~~~~  cursor_down(num_lines=1)  ~~~~~~~~~~~~~"]
[1.0, "i", "## -- max_cursor_down=2"]
[1.0, "i", "## -- actual_cursor_down=1"]
[1.5, "o", ""]
[1.5, "o", "\u001b[2;5H"]
[1.5, "i", "## -- cursor_position=(row:1,col:4)"]
[1.5, "i", "~~~~~~~~~~~~~  content_scroll_down(num_lines=1)  ~~~~~~~~~~~~~"]
[1.5, "i", "## -- max_scroll_down=0"]
[1.5, "i", "## -- actual_scroll_down=0"]
[2.0, "o", ""]
[2.0, "i", "## -- clear screen and hide cursor"]
[2.0, "o", "\u001b[?25l"]
[2.0, "o", "\u001b[1;21r"]
[2.0, "o", "\u001b[2J"]
[2.0, "i", "## -- draw screen"]
[2.0, "o", "123456789\r\n"]
[2.0, "o", "12345\r\n"]
[2.0, "o", "12\r\n"]
[2.0, "i", "## -- restore and show cursor"]
[2.0, "o", "\u001b[2;5H"]
[2.0, "o", "\u001b[?25h"]
[2.0, "o", "\u001b[2;5H"]
[2.0, "i", "## -- cursor_position=(row:1,col:4)"]
