{"version": 2, "width": 60, "height": 21}
[0.0, "i", "~~~~~~~~~~~~~  display_content()  ~~~~~~~~~~~~~"]
[0.5, "o", ""]
[0.5, "i", "## -- save screen status - will be used on exit"]
[0.5, "o", "\u001b[?1049h"]
[0.5, "i", "## -- clear screen and hide cursor"]
[0.5, "o", "\u001b[?25l"]
[0.5, "o", "\u001b[1;21r"]
[0.5, "o", "\u001b[2J"]
[0.5, "i", "## -- draw screen"]
[0.5, "o", "some_text\r\n"]
[0.5, "o", "\r\n"]
[0.5, "i", "## -- restore and show cursor"]
[0.5, "o", "\u001b[1;1H"]
[0.5, "o", "\u001b[?25h"]
[0.5, "i", "~~~~~~~~~~~~~  appear_in_footer(text=-- INSERT --)  ~~~~~~~~~~~~~"]
[1.0, "o", ""]
[1.0, "o", "\u001b[?25l"]
[1.0, "o", "\u001b[3;1H"]
[1.0, "o", "\u001b[2K"]
[1.0, "o", "-- INSERT --"]
[1.0, "o", "\u001b[1;1H"]
[1.0, "o", "\u001b[?25h"]
[1.0, "i", "~~~~~~~~~~~~~  type_in_footer(text=:wq)  ~~~~~~~~~~~~~"]
[1.5, "o", ""]
[1.5, "o", "\u001b[?25l"]
[1.5, "o", "\u001b[3;1H"]
[1.5, "o", "\u001b[2K"]
[1.5, "o", "\u001b[?25h"]
[1.5, "i", "~~~~~~~~~~~~~  type_chars(text=:wq)  ~~~~~~~~~~~~~"]
[1.5, "o", ":"]
[1.6, "o", "w"]
[1.7, "o", "q"]
