{"version": 2, "width": 60, "height": 21}
[0.0, "i", "~~~~~~~~~~~~~  display_content()  ~~~~~~~~~~~~~"]
[0.5, "o", ""]
[0.5, "i", "## -- save screen status - will be used on exit"]
[0.5, "o", "\u001b[?1049h"]
[0.5, "i", "## -- clear screen and hide cursor"]
[0.5, "o", "\u001b[?25l"]
[0.5, "o", "\u001b[1;21r"]
[0.5, "o", "\u001b[2J"]
[0.5, "i", "## -- draw screen"]
[0.5, "o", "\u001b[31mred????\u001b[0m word2\r\n"]
[0.5, "o", "\r\n"]
[0.5, "i", "## -- restore and show cursor"]
[0.5, "o", "\u001b[1;1H"]
[0.5, "o", "\u001b[?25h"]
[0.5, "i", "~~~~~~~~~~~~~  cursor_right(num_cols=3)  ~~~~~~~~~~~~~"]
[0.5, "i", "## -- max_cursor_right=12"]
[0.5, "i", "## -- actual_cursor_right=3"]
[1.0, "o", ""]
[1.0, "o", "\u001b[1;4H"]
[1.0, "i", "## -- cursor_position=(row:0,col:3)"]
[1.0, "i", "~~~~~~~~~~~~~  delete_at_cursor(num_chars=20)  ~~~~~~~~~~~~~"]
[1.5, "o", ""]
[1.5, "i", "## -- clear line and hide cursor"]
[1.5, "o", "\u001b[?25l"]
[1.5, "o", "\u001b[1;1H"]
[1.5, "o", "\u001b[2K"]
[1.5, "i", "## -- draw line"]
[1.5, "o", "\u001b[31mred\u001b[0m"]
[1.5, "i", "## -- restore and show cursor"]
[1.5, "o", "\u001b[1;4H"]
[1.5, "o", "\u001b[?25h"]
[1.5, "i", "~~~~~~~~~~~~~  type_at_cursor(text=word\n)  ~~~~~~~~~~~~~"]
[2.0, "o", ""]
[2.0, "i", "## -- clear line and hide cursor"]
[2.0, "o", "\u001b[?25l"]
[2.0, "o", "\u001b[1;1H"]
[2.0, "o", "\u001b[2K"]
[2.0, "i", "## -- draw line"]
[2.0, "o", "\u001b[31mred\u001b[0mw"]
[2.0, "i", "## -- restore and show cursor"]
[2.0, "o", "\u001b[1;4H"]
[2.0, "o", "\u001b[?25h"]
[2.1, "o", ""]
[2.1, "i", "## -- clear line and hide cursor"]
[2.1, "o", "\u001b[?25l"]
[2.1, "o", "\u001b[1;1H"]
[2.1, "o", "\u001b[2K"]
[2.1, "i", "## -- draw line"]
[2.1, "o", "\u001b[31mred\u001b[0mwo"]
[2.1, "i", "## -- restore and show cursor"]
[2.1, "o", "\u001b[1;5H"]
[2.1, "o", "\u001b[?25h"]
[2.2, "o", ""]
[2.2, "i", "## -- clear line and hide cursor"]
[2.2, "o", "\u001b[?25l"]
[2.2, "o", "\u001b[1;1H"]
[2.2, "o", "\u001b[2K"]
[2.2, "i", "## -- draw line"]
[2.2, "o", "\u001b[31mred\u001b[0mwor"]
[2.2, "i", "## -- restore and show cursor"]
[2.2, "o", "\u001b[1;6H"]
[2.2, "o", "\u001b[?25h"]
[2.3, "o", ""]
[2.3, "i", "## -- clear line and hide cursor"]
[2.3, "o", "\u001b[?25l"]
[2.3, "o", "\u001b[1;1H"]
[2.3, "o", "\u001b[2K"]
[2.3, "i", "## -- draw line"]
[2.3, "o", "\u001b[31mred\u001b[0mword"]
[2.3, "i", "## -- restore and show cursor"]
[2.3, "o", "\u001b[1;7H"]
[2.3, "o", "\u001b[?25h"]
[2.4, "o", ""]
[2.4, "i", "## -- clear line and hide cursor"]
[2.4, "o", "\u001b[?25l"]
[2.4, "o", "\u001b[1;1H"]
[2.4, "o", "\u001b[2K"]
[2.4, "i", "## -- draw line"]
[2.4, "o", "\u001b[31mred\u001b[0mword\n"]
[2.4, "i", "## -- restore and show cursor"]
[2.4, "o", "\u001b[1;8H"]
[2.4, "o", "\u001b[?25h"]
[2.5, "o", ""]
