{"version": 2, "width": 60, "height": 21}
[0.0, "i", "~~~~~~~~~~~~~  display_content()  ~~~~~~~~~~~~~"]
[0.5, "o", ""]
[0.5, "i", "## -- save screen status - will be used on exit"]
[0.5, "o", "\u001b[?1049h"]
[0.5, "i", "## -- clear screen and hide cursor"]
[0.5, "o", "\u001b[?25l"]
[0.5, "o", "\u001b[1;21r"]
[0.5, "o", "\u001b[2J"]
[0.5, "i", "## -- draw screen"]
[0.5, "o", "123456789\r\n"]
[0.5, "o", "\r\n"]
[0.5, "i", "## -- restore and show cursor"]
[0.5, "o", "\u001b[1;1H"]
[0.5, "o", "\u001b[?25h"]
[0.5, "i", "~~~~~~~~~~~~~  cursor_right(num_cols=2)  ~~~~~~~~~~~~~"]
[0.5, "i", "## -- max_cursor_right=8"]
[0.5, "i", "## -- actual_cursor_right=2"]
[1.0, "o", ""]
[1.0, "o", "\u001b[1;3H"]
[1.0, "i", "## -- cursor_position=(row:0,col:2)"]
[1.0, "i", "~~~~~~~~~~~~~  cursor_right(num_cols=10)  ~~~~~~~~~~~~~"]
[1.0, "i", "## -- max_cursor_right=6"]
[1.0, "i", "## -- actual_cursor_right=6"]
[1.5, "o", ""]
[1.5, "o", "\u001b[1;9H"]
[1.5, "i", "## -- cursor_position=(row:0,col:8)"]
[1.5, "i", "~~~~~~~~~~~~~  cursor_left(num_cols=2)  ~~~~~~~~~~~~~"]
[1.5, "i", "## -- max_cursor_left=8"]
[1.5, "i", "## -- actual_cursor_left=2"]
[2.0, "o", ""]
[2.0, "o", "\u001b[1;7H"]
[2.0, "i", "## -- cursor_position=(row:0,col:6)"]
[2.0, "i", "~~~~~~~~~~~~~  cursor_left(num_cols=10)  ~~~~~~~~~~~~~"]
[2.0, "i", "## -- max_cursor_left=6"]
[2.0, "i", "## -- actual_cursor_left=6"]
[2.5, "o", ""]
[2.5, "o", "\u001b[1;1H"]
[2.5, "i", "## -- cursor_position=(row:0,col:0)"]
